// Jest Snapshot v1, https://goo.gl/fbAQLP

exports[`Header of the site: should render Header 1`] = `
<div>
  <div
    class="makeStyles-root-25"
  >
    <div
      class="MuiToolbar-root MuiToolbar-regular MuiToolbar-gutters"
      id="back-to-top-anchor"
    />
    <header
      class="MuiPaper-root MuiAppBar-root MuiAppBar-positionFixed MuiAppBar-colorPrimary mui-fixed MuiPaper-elevation4"
      data-testid="header"
    >
      <div
        class="MuiToolbar-root MuiToolbar-regular MuiToolbar-gutters"
      >
        <img
          alt=""
          aria-label="Logo"
          class="makeStyles-logo-27"
          src="logo.svg"
        />
        <p
          class="MuiTypography-root makeStyles-title-26 MuiTypography-h5 MuiTypography-colorTextPrimary"
        >
          A SHAH
        </p>
        <div
          aria-label="desktopMenu"
          class="MuiBox-root MuiBox-root-29"
          data-testid="desktopMenu"
        >
          <a
            aria-label="About Me"
            class="makeStyles-menuItem-28"
            color="default"
            data-block="Aboutmemenuitemdesktop"
            data-testid="aboutme"
          >
            <span
              class="MuiTypography-root MuiTypography-button"
            >
              About Me
            </span>
          </a>
          <a
            aria-label="Projects"
            class="makeStyles-menuItem-28"
            color="default"
            data-block="Projectsmenuitemdesktop"
            data-testid="projects"
          >
            <span
              class="MuiTypography-root MuiTypography-button"
            >
              Projects
            </span>
          </a>
          <a
            aria-label="Resume"
            class="makeStyles-menuItem-28"
            color="default"
            data-block="Resumemenuitemdesktop"
            data-testid="resume"
            href="ArshadResume.pdf"
          >
            <span
              class="MuiTypography-root MuiTypography-button"
            >
              Resume
            </span>
          </a>
        </div>
      </div>
    </header>
  </div>
</div>
`;
