// Jest Snapshot v1, https://goo.gl/fbAQLP

exports[`Mobile of the site: should render Mobile 1`] = `
<div>
  <button
    aria-label="menu"
    class="MuiButtonBase-root MuiIconButton-root"
    data-block="hamburgermenubuttonmobile"
    role="button"
    tabindex="0"
    type="button"
  >
    <span
      class="MuiIconButton-label"
    >
      <div
        class="hamburger-react"
        role="button"
        style="cursor: pointer; height: 48px; position: relative; transition: 0.4s cubic-bezier(0, 0, 0, 1); user-select: none; width: 48px; outline: none;"
        tabindex="0"
      >
        <div
          style="background: rgb(199, 143, 0); height: 3px; left: 4px; position: absolute; border-radius: 9em 0 0 9em; width: 20px; top: 11px; transition: 0.4s cubic-bezier(0, 0, 0, 1); transform: none;"
        />
        <div
          style="background: rgb(199, 143, 0); height: 3px; left: 50%; position: absolute; border-radius: 0 9em 9em 0; width: 20px; top: 11px; transition: 0.4s cubic-bezier(0, 0, 0, 1); transform: none;"
        />
        <div
          style="background: rgb(199, 143, 0); height: 3px; left: 4px; position: absolute; border-radius: 9em 0 0 9em; width: 20px; top: 23px; transition: 0.4s cubic-bezier(0, 0, 0, 1); opacity: 1; transform: none;"
        />
        <div
          style="background: rgb(199, 143, 0); height: 3px; left: 50%; position: absolute; border-radius: 0 9em 9em 0; width: 20px; top: 23px; transition: 0.4s cubic-bezier(0, 0, 0, 1); opacity: 1; transform: none;"
        />
        <div
          style="background: rgb(199, 143, 0); height: 3px; left: 4px; position: absolute; border-radius: 9em 0 0 9em; width: 20px; top: 35px; transition: 0.4s cubic-bezier(0, 0, 0, 1); transform: none;"
        />
        <div
          style="background: rgb(199, 143, 0); height: 3px; left: 50%; position: absolute; border-radius: 0 9em 9em 0; width: 20px; top: 35px; transition: 0.4s cubic-bezier(0, 0, 0, 1); transform: none;"
        />
      </div>
    </span>
    <span
      class="MuiTouchRipple-root"
    />
  </button>
  <div>
    <div
      class="bm-overlay"
      style="position: fixed; z-index: 1000; width: 100%; height: 100%; background: transparent; opacity: 0; transform: translate3d(100%, 0, 0); transition: opacity 0.3s, transform 0s 0.3s;"
    />
    <div
      aria-hidden="true"
      class="bm-menu-wrap"
      id=""
      style="position: fixed; right: 0px; z-index: 1100; width: 180px; height: 35%; transform: translate3d(100%, 0, 0); transition: all 0.5s; top: 4.5rem;"
    >
      <div
        class="bm-menu"
        style="height: 100%; box-sizing: border-box; overflow: auto; background: rgb(253, 255, 149); padding: 0.5rem; border-radius: 0 0 0 1rem; border: 1px solid black;"
      >
        <nav
          class="bm-item-list"
          style="height: 100%; color: rgb(253, 255, 149); display: flex; flex-direction: column; align-content: center; align-items: stretch; justify-content: space-around;"
        >
          <a
            class="bm-item makeStyles-button-6"
            data-block="Aboutmemenuitemmobile"
            style="display: inherit;"
            tabindex="-1"
          >
            <span
              class="MuiTypography-root MuiTypography-button"
            >
              About Me
            </span>
          </a>
          <a
            class="bm-item makeStyles-button-6"
            data-block="Projectsmenuitemmobile"
            style="display: inherit;"
            tabindex="-1"
          >
            <span
              class="MuiTypography-root MuiTypography-button"
            >
              Projects
            </span>
          </a>
          <a
            class="bm-item makeStyles-button-6"
            data-block="Resumemenuitemmobile"
            href="ArshadResume.pdf"
            style="display: inherit;"
            tabindex="-1"
            variant="outlined"
          >
            <span
              class="MuiTypography-root MuiTypography-button"
            >
              Resume
            </span>
          </a>
        </nav>
      </div>
    </div>
  </div>
</div>
`;
