// Jest Snapshot v1, https://goo.gl/fbAQLP

exports[`Aboutme of the site: should render Aboutme with all the information in it 1`] = `
<div>
  <div
    class="MuiBox-root MuiBox-root-10 Aboutme-root-1"
  >
    <div
      class="MuiToolbar-root MuiToolbar-regular Aboutme-aboutMeLink-3 MuiToolbar-gutters"
      id="aboutme"
    />
    <h2
      class="MuiTypography-root MuiTypography-h2 MuiTypography-gutterBottom MuiTypography-alignCenter"
    >
      About Me
    </h2>
    <div
      class="MuiBox-root MuiBox-root-11 Aboutme-row-4"
    >
      <div
        class="MuiBox-root MuiBox-root-12 Aboutme-aboutMePicture-5"
      >
        <img
          alt="Picture of Arshad shah."
          aria-label="Picture of Arshad shah."
          class="Aboutme-picture-7"
          height="150"
          src="Picture.webp"
          width="150"
        />
      </div>
      <div
        class="MuiBox-root MuiBox-root-13 Aboutme-aboutMeDesc-6"
      >
        <p
          class="MuiTypography-root MuiTypography-body1 MuiTypography-gutterBottom"
        >
          I am a student 
          <b>
            Software Engineer
          </b>
           with a passion for building
          <b>
             Beautiful
          </b>
           and 
          <b>
            Intuitive
          </b>
           user interfaces and 
          <b>
            Learning
          </b>
           
          new technologies to building products that 
          <b>
            solve real-world problems
          </b>
          .
          <br />
          I am a 
          <b>
            Team Player
          </b>
           and 
          <b>
            Hard Worker
          </b>
           and I am always
          <b>
             Looking for new challenges
          </b>
          .
          <br />
          I have real world experience in 
          <b>
            Frontend technologies
          </b>
           like
          <b>
             React 
          </b>
          . I have also worked with 
          <b>
            Backend technologies
          </b>
           such as Node.js, Express.js, MongoDB, Firebase, and Firestore as well as with different frameworks such as NextJS, React Native, and Flutter.
          <br />
          I like designing and creating stuff for all domains from 
          <b>
            Mobile
          </b>
           
          to 
          <b>
            Desktop
          </b>
          .
          <br />
          My goal is to make 
          <b>
            Cross Platform
          </b>
          , 
          <b>
            Efficient
          </b>
          , and
           
          <b>
            Clean Application
          </b>
           that give an easy and Perfect experience.
        </p>
        <h5
          class="MuiTypography-root Aboutme-subheading-8 MuiTypography-h5 MuiTypography-gutterBottom"
        >
          Technologies I Use
        </h5>
        <p
          class="MuiTypography-root MuiTypography-body1 MuiTypography-gutterBottom"
        >
          <div
            class="MuiChip-root Aboutme-TechChip-9 MuiChip-colorSecondary"
            data-testid="languageChip"
          >
            <span
              class="MuiChip-label"
            >
              React
            </span>
          </div>
          <div
            class="MuiChip-root Aboutme-TechChip-9 MuiChip-colorSecondary"
            data-testid="languageChip"
          >
            <span
              class="MuiChip-label"
            >
              Redux
            </span>
          </div>
          <div
            class="MuiChip-root Aboutme-TechChip-9 MuiChip-colorSecondary"
            data-testid="languageChip"
          >
            <span
              class="MuiChip-label"
            >
              Node
            </span>
          </div>
          <div
            class="MuiChip-root Aboutme-TechChip-9 MuiChip-colorSecondary"
            data-testid="languageChip"
          >
            <span
              class="MuiChip-label"
            >
              Express
            </span>
          </div>
          <div
            class="MuiChip-root Aboutme-TechChip-9 MuiChip-colorSecondary"
            data-testid="languageChip"
          >
            <span
              class="MuiChip-label"
            >
              MongoDB
            </span>
          </div>
          <div
            class="MuiChip-root Aboutme-TechChip-9 MuiChip-colorSecondary"
            data-testid="languageChip"
          >
            <span
              class="MuiChip-label"
            >
              Mongoose
            </span>
          </div>
          <div
            class="MuiChip-root Aboutme-TechChip-9 MuiChip-colorSecondary"
            data-testid="languageChip"
          >
            <span
              class="MuiChip-label"
            >
              Jest
            </span>
          </div>
          <div
            class="MuiChip-root Aboutme-TechChip-9 MuiChip-colorSecondary"
            data-testid="languageChip"
          >
            <span
              class="MuiChip-label"
            >
              Codeceptjs
            </span>
          </div>
          <div
            class="MuiChip-root Aboutme-TechChip-9 MuiChip-colorSecondary"
            data-testid="languageChip"
          >
            <span
              class="MuiChip-label"
            >
              Java
            </span>
          </div>
          <div
            class="MuiChip-root Aboutme-TechChip-9 MuiChip-colorSecondary"
            data-testid="languageChip"
          >
            <span
              class="MuiChip-label"
            >
              HTML
            </span>
          </div>
          <div
            class="MuiChip-root Aboutme-TechChip-9 MuiChip-colorSecondary"
            data-testid="languageChip"
          >
            <span
              class="MuiChip-label"
            >
              CSS
            </span>
          </div>
          <div
            class="MuiChip-root Aboutme-TechChip-9 MuiChip-colorSecondary"
            data-testid="languageChip"
          >
            <span
              class="MuiChip-label"
            >
              TailwindCSS
            </span>
          </div>
          <div
            class="MuiChip-root Aboutme-TechChip-9 MuiChip-colorSecondary"
            data-testid="languageChip"
          >
            <span
              class="MuiChip-label"
            >
              JavaScript
            </span>
          </div>
          <div
            class="MuiChip-root Aboutme-TechChip-9 MuiChip-colorSecondary"
            data-testid="languageChip"
          >
            <span
              class="MuiChip-label"
            >
              Ionic
            </span>
          </div>
          <div
            class="MuiChip-root Aboutme-TechChip-9 MuiChip-colorSecondary"
            data-testid="languageChip"
          >
            <span
              class="MuiChip-label"
            >
              Capacitor
            </span>
          </div>
          <div
            class="MuiChip-root Aboutme-TechChip-9 MuiChip-colorSecondary"
            data-testid="languageChip"
          >
            <span
              class="MuiChip-label"
            >
              Electron
            </span>
          </div>
          <div
            class="MuiChip-root Aboutme-TechChip-9 MuiChip-colorSecondary"
            data-testid="languageChip"
          >
            <span
              class="MuiChip-label"
            >
              Firebase
            </span>
          </div>
          <div
            class="MuiChip-root Aboutme-TechChip-9 MuiChip-colorSecondary"
            data-testid="languageChip"
          >
            <span
              class="MuiChip-label"
            >
              Firestore
            </span>
          </div>
        </p>
        <h5
          class="MuiTypography-root Aboutme-subheading-8 MuiTypography-h5 MuiTypography-gutterBottom"
        >
          Work Experience
        </h5>
        <p
          class="MuiTypography-root MuiTypography-body1 MuiTypography-gutterBottom"
        >
          <b>
            Software Engineer
          </b>
           - Intern 
          06/2021 - 08/2021
        </p>
        <h6
          class="MuiTypography-root MuiTypography-subtitle1 MuiTypography-gutterBottom"
        >
          <b>
            Houghton Mifflin Harcourt
          </b>
           - Dublin, Ireland
        </h6>
        <p
          class="MuiTypography-root MuiTypography-body2"
        >
          During this 
          <b>
            Internship
          </b>
           i worked on a 
          <b>
            Frontend Team
          </b>
           team responsible for the HMH flagship product 
          <b>
            HMH ED
          </b>
          .
          <br />
          Here i learned the 
          <b>
            React framework
          </b>
           using the 
          <b>
            SPA pattern
          </b>
          , unit testing, integration testing, and End to End testing.
          <br />
          I learned crucial skills, following an 
          <b>
             Agile development 
          </b>
          methodology participating in 
          <b>
            sprints
          </b>
          , and completing tickets.
          <br />
          The most important aspect that I learned was the CI pipeline for building complex software and triaging the build process across multiple teams.
        </p>
      </div>
    </div>
  </div>
</div>
`;
