// Jest Snapshot v1, https://goo.gl/fbAQLP

exports[`the full app: should render the full app 1`] = `
<div>
  <div
    class="App-root-1"
  >
    <div
      style="opacity: 1; display: none; webkit-transition: opacity 1000ms cubic-bezier(0.4, 0, 0.2, 1) 0ms; transition: opacity 1000ms cubic-bezier(0.4, 0, 0.2, 1) 0ms;"
    />
    <div
      class="makeStyles-root-3"
      data-block="backtotopbutton"
      role="presentation"
      style="transform: scale(0); visibility: hidden; display: none;"
    >
      <button
        aria-label="scroll back to top"
        class="MuiButtonBase-root MuiFab-root App-fab-2 MuiFab-secondary"
        data-block="backtotopbutton"
        data-testid="backtoTopButton"
        tabindex="0"
        type="button"
      >
        <span
          class="MuiFab-label"
        >
          <svg
            fill="none"
            height="1em"
            stroke="currentColor"
            stroke-linecap="round"
            stroke-linejoin="round"
            stroke-width="2"
            viewBox="0 0 24 24"
            width="1em"
            xmlns="http://www.w3.org/2000/svg"
          >
            <line
              x1="12"
              x2="12"
              y1="19"
              y2="5"
            />
            <polyline
              points="5 12 12 5 19 12"
            />
          </svg>
        </span>
        <span
          class="MuiTouchRipple-root"
        />
      </button>
    </div>
    <div
      class="Loading-root-5"
    >
      <div
        class="MuiCircularProgress-root Loading-progress-7 MuiCircularProgress-colorSecondary MuiCircularProgress-indeterminate"
        role="progressbar"
        style="width: 100px; height: 100px;"
      >
        <svg
          class="MuiCircularProgress-svg"
          viewBox="22 22 44 44"
        >
          <circle
            class="MuiCircularProgress-circle MuiCircularProgress-circleIndeterminate"
            cx="44"
            cy="44"
            fill="none"
            r="19.5"
            stroke-width="5"
          />
        </svg>
      </div>
      <h3
        class="MuiTypography-root Loading-name-6 MuiTypography-h3"
      >
        Loading...
      </h3>
    </div>
  </div>
</div>
`;
