// Jest Snapshot v1, https://goo.gl/fbAQLP

exports[`Header of the site: should render Header 1`] = `
<div>
  <div
    class="Header-root css-1ev3ynq"
  >
    <div
      class="MuiToolbar-root MuiToolbar-gutters MuiToolbar-regular css-1t29gy6-MuiToolbar-root"
      id="back-to-top-anchor"
    />
    <header
      class="MuiPaper-root MuiPaper-elevation MuiPaper-elevation4 MuiAppBar-root MuiAppBar-colorPrimary MuiAppBar-positionFixed mui-fixed css-11b3ww9-MuiPaper-root-MuiAppBar-root"
      data-testid="header"
    >
      <div
        class="MuiToolbar-root MuiToolbar-gutters MuiToolbar-regular css-1t29gy6-MuiToolbar-root"
      >
        <h6
          class="MuiTypography-root MuiTypography-subtitle1 Header-title css-65a2cr-MuiTypography-root"
        >
          ARSHAD SHAH
        </h6>
        <div
          aria-label="desktopMenu"
          class="MuiBox-root css-yv9lcr"
          data-testid="desktopMenu"
        >
          <a
            aria-label="About Me"
            class="Desktop-menuItem"
            color="default"
            data-block="Aboutmemenuitemdesktop"
            data-testid="aboutmeOption"
          >
            <span
              class="MuiTypography-root MuiTypography-button css-1f0on15-MuiTypography-root"
            >
              About Me
            </span>
          </a>
          <a
            aria-label="Projects"
            class="Desktop-menuItem"
            color="default"
            data-block="Projectsmenuitemdesktop"
            data-testid="projectsOption"
          >
            <span
              class="MuiTypography-root MuiTypography-button css-1f0on15-MuiTypography-root"
            >
              Projects
            </span>
          </a>
          <a
            aria-label="Resume"
            class="Desktop-menuItem"
            color="default"
            data-block="Resumemenuitemdesktop"
            data-testid="resumeOption"
            href="ArshadResume.pdf"
          >
            <span
              class="MuiTypography-root MuiTypography-button css-1f0on15-MuiTypography-root"
            >
              Resume
            </span>
          </a>
        </div>
      </div>
    </header>
  </div>
</div>
`;
