// Jest Snapshot v1, https://goo.gl/fbAQLP

exports[`LandingPage of the site: should render LandingPage with all the information in it 1`] = `
<div>
  <div
    class="LandingPage-hero MuiBox-root css-487y61"
    data-testid="hero"
  >
    <h4
      class="MuiTypography-root MuiTypography-h4 LandingPage-landingIntro css-5lbw0b-MuiTypography-root"
    >
      Hi, My Name Is -
    </h4>
    <h2
      class="MuiTypography-root MuiTypography-h2 LandingPage-landingName css-1sra7t5-MuiTypography-root"
    >
      Arshad Shah!
    </h2>
    <h4
      class="MuiTypography-root MuiTypography-h4 LandingPage-landingDesc css-5lbw0b-MuiTypography-root"
    >
      A Third Year 
      <b>
        Computer Science
      </b>
       Student and a 
      <b>
        Software Engineer
      </b>
      .
    </h4>
    <div
      class="LandingPage-Links MuiBox-root css-0"
    >
      <a
        aria-label="link to Github account of Arshad shah"
        class="MuiButtonBase-root MuiIconButton-root MuiIconButton-colorPrimary MuiIconButton-sizeLarge LandingPage-socialLinks css-15rynab-MuiButtonBase-root-MuiIconButton-root"
        data-block="linktoGithub"
        data-mui-internal-clone-element="true"
        data-testid="githubForHero"
        href="https://github.com/arshad-shah"
        role="button"
        tabindex="0"
      >
        <svg
          fill="none"
          height="1em"
          stroke="currentColor"
          stroke-linecap="round"
          stroke-linejoin="round"
          stroke-width="2"
          viewBox="0 0 24 24"
          width="1em"
          xmlns="http://www.w3.org/2000/svg"
        >
          <path
            d="M9 19c-5 1.5-5-2.5-7-3m14 6v-3.87a3.37 3.37 0 0 0-.94-2.61c3.14-.35 6.44-1.54 6.44-7A5.44 5.44 0 0 0 20 4.77 5.07 5.07 0 0 0 19.91 1S18.73.65 16 2.48a13.38 13.38 0 0 0-7 0C6.27.65 5.09 1 5.09 1A5.07 5.07 0 0 0 5 4.77a5.44 5.44 0 0 0-1.5 3.78c0 5.42 3.3 6.61 6.44 7A3.37 3.37 0 0 0 9 18.13V22"
          />
        </svg>
        <span
          class="MuiTouchRipple-root css-8je8zh-MuiTouchRipple-root"
        />
      </a>
      <a
        aria-label="link to Linkedin account of Arshad shah"
        class="MuiButtonBase-root MuiIconButton-root MuiIconButton-colorPrimary MuiIconButton-sizeLarge LandingPage-socialLinks css-15rynab-MuiButtonBase-root-MuiIconButton-root"
        data-block="linktoLinkedin"
        data-mui-internal-clone-element="true"
        data-testid="linkedInForHero"
        href="https://www.linkedin.com/in/arshadshah"
        role="button"
        tabindex="0"
      >
        <svg
          fill="none"
          height="1em"
          stroke="currentColor"
          stroke-linecap="round"
          stroke-linejoin="round"
          stroke-width="2"
          viewBox="0 0 24 24"
          width="1em"
          xmlns="http://www.w3.org/2000/svg"
        >
          <path
            d="M16 8a6 6 0 0 1 6 6v7h-4v-7a2 2 0 0 0-2-2 2 2 0 0 0-2 2v7h-4v-7a6 6 0 0 1 6-6z"
          />
          <rect
            height="12"
            width="4"
            x="2"
            y="9"
          />
          <circle
            cx="4"
            cy="4"
            r="2"
          />
        </svg>
        <span
          class="MuiTouchRipple-root css-8je8zh-MuiTouchRipple-root"
        />
      </a>
      <a
        aria-label="link to mail account of Arshad shah"
        class="MuiButtonBase-root MuiIconButton-root MuiIconButton-colorPrimary MuiIconButton-sizeLarge LandingPage-socialLinks css-15rynab-MuiButtonBase-root-MuiIconButton-root"
        data-block="linktoMail"
        data-mui-internal-clone-element="true"
        data-testid="mailForHero"
        href="mailto:arshad@arshadshah.com"
        role="button"
        tabindex="0"
      >
        <svg
          fill="none"
          height="1em"
          stroke="currentColor"
          stroke-linecap="round"
          stroke-linejoin="round"
          stroke-width="2"
          viewBox="0 0 24 24"
          width="1em"
          xmlns="http://www.w3.org/2000/svg"
        >
          <path
            d="M4 4h16c1.1 0 2 .9 2 2v12c0 1.1-.9 2-2 2H4c-1.1 0-2-.9-2-2V6c0-1.1.9-2 2-2z"
          />
          <polyline
            points="22,6 12,13 2,6"
          />
        </svg>
        <span
          class="MuiTouchRipple-root css-8je8zh-MuiTouchRipple-root"
        />
      </a>
    </div>
    <a>
      <button
        aria-label="scroll down button"
        class="MuiButton-root MuiButton-outlined MuiButton-outlinedSecondary MuiButton-sizeLarge MuiButton-outlinedSizeLarge MuiButtonBase-root LandingPage-socialLinks css-140mie5-MuiButtonBase-root-MuiButton-root"
        data-block="scrolldown"
        data-testid="scrollDown"
        tabindex="0"
        type="button"
      >
        <svg
          fill="none"
          height="1em"
          stroke="currentColor"
          stroke-linecap="round"
          stroke-linejoin="round"
          stroke-width="2"
          viewBox="0 0 24 24"
          width="1em"
          xmlns="http://www.w3.org/2000/svg"
        >
          <line
            x1="12"
            x2="12"
            y1="5"
            y2="19"
          />
          <polyline
            points="19 12 12 19 5 12"
          />
        </svg>
        <span
          class="MuiTouchRipple-root css-8je8zh-MuiTouchRipple-root"
        />
      </button>
    </a>
  </div>
</div>
`;
