// Jest Snapshot v1, https://goo.gl/fbAQLP

exports[`Header of the site: should render Header 1`] = `
<div>
  <div
    class="Loading-root-1"
  >
    <div
      class="MuiCircularProgress-root MuiCircularProgress-colorPrimary MuiCircularProgress-indeterminate"
      role="progressbar"
      style="width: 40px; height: 40px;"
    >
      <svg
        class="MuiCircularProgress-svg"
        viewBox="22 22 44 44"
      >
        <circle
          class="MuiCircularProgress-circle MuiCircularProgress-circleIndeterminate"
          cx="44"
          cy="44"
          fill="none"
          r="20.2"
          stroke-width="3.6"
        />
      </svg>
    </div>
    <h3
      class="MuiTypography-root MuiTypography-h3"
    >
      Loading...
    </h3>
  </div>
</div>
`;
