// Jest Snapshot v1, https://goo.gl/fbAQLP

exports[`Mobile layout of the site: should render Mobile 1`] = `
<div>
  <div
    aria-label="mobileMenu"
    class="MuiBox-root css-1i1000g"
    data-toggle="mobileMenu"
  >
    <ul
      class="MuiList-root MuiList-padding Mobile-mobileMenuList css-h4y409-MuiList-root"
    >
      <div
        class="MuiButtonBase-root MuiListItem-root MuiListItem-gutters MuiListItem-padding MuiListItem-button Mobile-mobileMenuItem css-bshv44-MuiButtonBase-root-MuiListItem-root"
        role="button"
        tabindex="0"
      >
        <a
          aria-label="About Me"
          class="Mobile-button"
          data-block="Aboutmemenuitemmobile"
          data-testid="aboutmeOption"
        >
          ABOUT ME
        </a>
        <span
          class="MuiTouchRipple-root css-8je8zh-MuiTouchRipple-root"
        />
      </div>
      <div
        class="MuiButtonBase-root MuiListItem-root MuiListItem-gutters MuiListItem-padding MuiListItem-button Mobile-mobileMenuItem css-bshv44-MuiButtonBase-root-MuiListItem-root"
        role="button"
        tabindex="0"
      >
        <a
          aria-label="Projects"
          class="Mobile-button"
          data-block="Projectsmenuitemmobile"
          data-testid="projectsOption"
        >
          PROJECTS
        </a>
        <span
          class="MuiTouchRipple-root css-8je8zh-MuiTouchRipple-root"
        />
      </div>
      <div
        class="MuiButtonBase-root MuiListItem-root MuiListItem-gutters MuiListItem-padding MuiListItem-button Mobile-mobileMenuItem css-bshv44-MuiButtonBase-root-MuiListItem-root"
        role="button"
        tabindex="0"
      >
        <a
          aria-label="Resume"
          class="MuiTypography-root MuiTypography-outlined MuiLink-root MuiLink-underlineAlways Mobile-button css-1iwtne7-MuiTypography-root-MuiLink-root"
          data-block="Resumemenuitemmobile"
          data-testid="resumeOption"
          href="ArshadResume.pdf"
        >
          RESUME
        </a>
        <span
          class="MuiTouchRipple-root css-8je8zh-MuiTouchRipple-root"
        />
      </div>
    </ul>
  </div>
</div>
`;
