// Jest Snapshot v1, https://goo.gl/fbAQLP

exports[`Mobile layout of the site: should render Mobile 1`] = `
<div>
  <div
    aria-label="mobileMenu"
    class="MuiBox-root MuiBox-root-16"
    data-toggle="mobileMenu"
  >
    <ul
      class="MuiList-root makeStyles-mobileMenuList-14 MuiList-padding"
    >
      <li
        class="MuiListItem-root makeStyles-mobileMenuItem-15 MuiListItem-gutters"
      >
        <a
          aria-label="About Me"
          class="makeStyles-button-13"
          data-block="Aboutmemenuitemmobile"
          data-testid="aboutmeOption"
        >
          <span
            class="MuiTypography-root MuiTypography-button"
          >
            About Me
          </span>
        </a>
      </li>
      <li
        class="MuiListItem-root makeStyles-mobileMenuItem-15 MuiListItem-gutters"
      >
        <a
          aria-label="Projects"
          class="makeStyles-button-13"
          data-block="Projectsmenuitemmobile"
          data-testid="projectsOption"
        >
          <span
            class="MuiTypography-root MuiTypography-button"
          >
            Projects
          </span>
        </a>
      </li>
      <li
        class="MuiListItem-root makeStyles-mobileMenuItem-15 MuiListItem-gutters"
      >
        <a
          aria-label="Resume"
          class="makeStyles-button-13"
          data-block="Resumemenuitemmobile"
          data-testid="resumeOption"
          href="ArshadResume.pdf"
          variant="outlined"
        >
          <span
            class="MuiTypography-root MuiTypography-button"
          >
            Resume
          </span>
        </a>
      </li>
    </ul>
  </div>
</div>
`;
